------------------------------------------------------------
TimeQuest Timing Analyzer Summary
------------------------------------------------------------

Type  : Slow 1200mV 85C Model Setup 'pxl_clk_inst|altpll_component|auto_generated|pll1|clk[0]'
Slack : 31.036
TNS   : 0.000

Type  : Slow 1200mV 85C Model Hold 'pxl_clk_inst|altpll_component|auto_generated|pll1|clk[0]'
Slack : 0.312
TNS   : 0.000

Type  : Slow 1200mV 85C Model Minimum Pulse Width 'clk'
Slack : 9.835
TNS   : 0.000

Type  : Slow 1200mV 85C Model Minimum Pulse Width 'pxl_clk_inst|altpll_component|auto_generated|pll1|clk[0]'
Slack : 19.745
TNS   : 0.000

Type  : Slow 1200mV 0C Model Setup 'pxl_clk_inst|altpll_component|auto_generated|pll1|clk[0]'
Slack : 31.980
TNS   : 0.000

Type  : Slow 1200mV 0C Model Hold 'pxl_clk_inst|altpll_component|auto_generated|pll1|clk[0]'
Slack : 0.309
TNS   : 0.000

Type  : Slow 1200mV 0C Model Minimum Pulse Width 'clk'
Slack : 9.818
TNS   : 0.000

Type  : Slow 1200mV 0C Model Minimum Pulse Width 'pxl_clk_inst|altpll_component|auto_generated|pll1|clk[0]'
Slack : 19.743
TNS   : 0.000

Type  : Fast 1200mV 0C Model Setup 'pxl_clk_inst|altpll_component|auto_generated|pll1|clk[0]'
Slack : 34.906
TNS   : 0.000

Type  : Fast 1200mV 0C Model Hold 'pxl_clk_inst|altpll_component|auto_generated|pll1|clk[0]'
Slack : 0.148
TNS   : 0.000

Type  : Fast 1200mV 0C Model Minimum Pulse Width 'clk'
Slack : 9.587
TNS   : 0.000

Type  : Fast 1200mV 0C Model Minimum Pulse Width 'pxl_clk_inst|altpll_component|auto_generated|pll1|clk[0]'
Slack : 19.752
TNS   : 0.000

------------------------------------------------------------
